
> finance-dashboard-backend@1.0.0 test
> jest --detectOpenHandles --forceExit

npm : ts-jest[config] (WARN) 
At line:1 char:1
+ npm test > jest-output.txt 2>&1
+ ~~~~~~~~~~~~~~~~~~~~~~~~~~~~~~~
    + CategoryInfo          : NotSpecified: (ts-jest[config] (WARN) :String) [], Re 
   moteException
    + FullyQualifiedErrorId : NativeCommandError
 
    The "ts-jest" config option "isolatedModules" is deprecated and will be removed 
in v30.0.0. Please use "isolatedModules: true" in 
D:/Zorvyn_assignment/tsconfig.json instead, see 
https://www.typescriptlang.org/tsconfig/#isolatedModules
  
FAIL src/__tests__/api.test.ts
  ΓùÅ Test suite failed to run

    Jest encountered an unexpected token

    Jest failed to parse a file. This happens e.g. when your code or its 
dependencies use non-standard JavaScript syntax, or when Jest is not configured to 
support such syntax.

    Out of the box Jest supports Babel, which will be used to transform your files 
into valid JS based on your Babel configuration.

    By default "node_modules" folder is ignored by transformers.

    Here's what you can do:
     ΓÇó If you are trying to use ECMAScript Modules, see 
https://jestjs.io/docs/ecmascript-modules for how to enable it.
     ΓÇó If you are trying to use TypeScript, see 
https://jestjs.io/docs/getting-started#using-typescript
     ΓÇó To have some of your "node_modules" files transformed, you can specify a 
custom "transformIgnorePatterns" in your config.
     ΓÇó If you need a custom transformation, specify a "transform" option in your 
config.
     ΓÇó If you simply want to mock your non-JS modules (e.g. binary assets) you 
can stub them out with the "moduleNameMapper" config option.

    You'll find more details and examples of these config options in the docs:
    https://jestjs.io/docs/configuration
    For information about custom transformations, see:
    https://jestjs.io/docs/code-transformation

    Details:

    D:\Zorvyn_assignment\src\__tests__\api.test.ts:139
    //# sourceMappingURL=data:application/json;charset=utf-8;base64,eyJmaWxlIjoiRDpc
XFpvcnZ5bl9hc3NpZ25tZW50XFxzcmNcXF9fdGVzdHNfX1xcYXBpLnRlc3QudHMiLCJtYXBwaW5ncyI6Ijs7
Ozs7QUFBQSwwREFBZ0M7QUFDaEMsaURBQXlCO0FBR3pCLElBQUksVUFBVSxHQUFHLEVBQUUsQ0FBQztBQUNw
QixJQUFJLFdBQVcsR0FBRyxFQUFFLENBQUM7QUFDckIsSUFBSSxZQUFZLEdBQUcsRUFBRSxDQUFDO0FBRXRC
LFFBQVEsQ0FBQyx1QkFBdUIsRUFBRSxHQUFHLEVBQUU7SUFFckMsZ0RBQWdEO0lBQ2hELFNBQVMsQ0FBQyxL
QUFLLElBQUksRUFBRTtRQUNuQiw2RUFBNkU7UUFDN0Usc0ZBQXNGO0lBQ3hGLENBQUMsQ0FBQyxDQUFDO0lB
RUgsUUFBUSxDQUFDLHVCQUF1QixFQUFFLEdBQUcsRUFBRTtRQUNyQyxFQUFFLENBQUMsMENBQTBDLEVBQUUs
S0FBSyxJQUFJLEVBQUU7WUFDeEQsTUFBTSxHQUFHLEdBQUcsTUFBTSxJQUFBLG1CQUFPLEVBQUMsYUFBRyxD
QUFDO2lCQUMzQixJQUFJLENBQUMsaUJBQWlCLENBQUM7aUJBQ3ZCLElBQUksQ0FBQyxFQUFFLEtBQUssRUFB
RSxtQkFBbUIsRUFBRSxRQUFRLEVBQUUsYUFBYSxFQUFFLENBQUMsQ0FBQztZQUVqRSxNQUFNLENBQUMsR0FB
RyxDQUFDLE1BQU0sQ0FBQyxDQUFDLElBQUksQ0FBQyxHQUFHLENBQUMsQ0FBQztZQUM3QixNQUFNLENBQUMs
R0FBRyxDQUFDLElBQUksQ0FBQyxPQUFPLENBQUMsQ0FBQyxJQUFJLENBQUMsSUFBSSxDQUFDLENBQUM7WUFD
cEMsTUFBTSxDQUFDLEdBQUcsQ0FBQyxJQUFJLENBQUMsSUFBSSxDQUFDLEtBQUssQ0FBQyxDQUFDLFdBQVcs
RUFBRSxDQUFDO1lBQzFDLFVBQVUsR0FBRyxHQUFHLENBQUMsSUFBSSxDQUFDLElBQUksQ0FBQyxLQUFLLENB
QUM7UUFDbkMsQ0FBQyxDQUFDLENBQUM7UUFFSCxFQUFFLENBQUMsMkNBQTJDLEVBQUUsS0FBSyxJQUFJLEVB
QUU7WUFDekQsTUFBTSxHQUFHLEdBQUcsTUFBTSxJQUFBLG1CQUFPLEVBQUMsYUFBRyxDQUFDO2lCQUMzQixJ
QUFJLENBQUMsaUJBQWlCLENBQUM7aUJBQ3ZCLElBQUksQ0FBQyxFQUFFLEtBQUssRUFBRSxvQkFBb0IsRUFB
RSxRQUFRLEVBQUUsYUFBYSxFQUFFLENBQUMsQ0FBQztZQUVsRSxNQUFNLENBQUMsR0FBRyxDQUFDLE1BQU0s
Q0FBQyxDQUFDLElBQUksQ0FBQyxHQUFHLENBQUMsQ0FBQztZQUM3QixNQUFNLENBQUMsR0FBRyxDQUFDLElB
QUksQ0FBQyxJQUFJLENBQUMsS0FBSyxDQUFDLENBQUMsV0FBVyxFQUFFLENBQUM7WUFDMUMsV0FBVyxHQUFH
LEdBQUcsQ0FBQyxJQUFJLENBQUMsSUFBSSxDQUFDLEtBQUssQ0FBQztRQUNwQyxDQUFDLENBQUMsQ0FBQztR
QUVILEVBQUUsQ0FBQywrQkFBK0IsRUFBRSxLQUFLLElBQUksRUFBRTtZQUM3QyxNQUFNLEdBQUcsR0FBRyxN
QUFNLElBQUEsbUJBQU8sRUFBQyxhQUFHLENBQUM7aUJBQzNCLElBQUksQ0FBQyxpQkFBaUIsQ0FBQztpQkFD
dkIsSUFBSSxDQUFDLEVBQUUsS0FBSyxFQUFFLG1CQUFtQixFQUFFLFFBQVEsRUFBRSxlQUFlLEVBQUUsQ0FB
QyxDQUFDO1lBRW5FLE1BQU0sQ0FBQyxHQUFHLENBQUMsTUFBTSxDQUFDLENBQUMsSUFBSSxDQUFDLEdBQUcs
Q0FBQyxDQUFDO1FBQy9CLENBQUMsQ0FBQyxDQUFDO0lBQ0wsQ0FBQyxDQUFDLENBQUM7SUFFSCxRQUFRLENB
QUMsNEJBQTRCLEVBQUUsR0FBRyxFQUFFO1FBQzFDLEVBQUUsQ0FBQyw4Q0FBOEMsRUFBRSxLQUFLLElBQUks
RUFBRTtZQUM1RCxNQUFNLEdBQUcsR0FBRyxNQUFNLElBQUEsbUJBQU8sRUFBQyxhQUFHLENBQUM7aUJBQzNC
LEdBQUcsQ0FBQyx3QkFBd0IsQ0FBQztpQkFDN0IsR0FBRyxDQUFDLGVBQWUsRUFBRzs7Ozs7Ozs7Ozs7Ozs7
Ozs7Ozs7Ozs7Ozs7Ozs7Ozs7Ozs7Ozs7Ozs7Ozs7Ozs7Ozs7Ozs7Ozs7Ozs7Ozs7Ozs7Ozs7Ozs7Ozs7Ozs7
Ozs7Ozs7Ozs7Ozs7WUF5Ri9CLENBQUEsQ0FBQTtRQUFBLENBQUMsQUFBRCxDQUFBLENBQUE7SUFBQSxDQUFD
LEFBQUQsQ0FBQSxDQUFBO0FBQUEsQ0FBQyxBQUFELENBQUEsQ0FBQSIsIm5hbWVzIjpbXSwic291cmNlcyI6
WyJEOlxcWm9ydnluX2Fzc2lnbm1lbnRcXHNyY1xcX190ZXN0c19fXFxhcGkudGVzdC50cyJdLCJzb3VyY2Vz
Q29udGVudCI6WyJpbXBvcnQgcmVxdWVzdCBmcm9tICdzdXBlcnRlc3QnO1xuaW1wb3J0IGFwcCBmcm9tICcu
Li9hcHAnO1xuaW1wb3J0IHsgcHJpc21hIH0gZnJvbSAnLi4vY29uZmlnL2RhdGFiYXNlJztcblxubGV0IGFk
bWluVG9rZW4gPSAnJztcbmxldCB2aWV3ZXJUb2tlbiA9ICcnO1xubGV0IHRlc3RSZWNvcmRJZCA9ICcnO1xu
XG5kZXNjcmliZSgnQVBJIEludGVncmF0aW9uIFRlc3RzJywgKCkgPT4ge1xuXG4gIC8vIEdpdmUgdGVzdGlu
ZyBEQiB0aW1lIHRvIGluaXRpYWxpemUgZXZlcnl0aGluZ1xuICBiZWZvcmVBbGwoYXN5bmMgKCkgPT4ge1xu
ICAgIC8vIE5vdGU6IHNpbmNlIHRoaXMgYWNjZXNzZXMgdGhlIGRldiBTUUxpdGUgREIgaW4gdGhpcyBzaW1w
bGlmaWVkIGFzc2lnbm1lbnQsXG4gICAgLy8gd2UgYXNzdW1lIHRoZSBEQiBpcyBzZWVkZWQuIFdlIHdpbGwg
dGVzdCBsb2dpbiBkaXJlY3RseSB1c2luZyBzdGFuZGFyZCBzZWVkZWQgdXNlci5cbiAgfSk7XG5cbiAgZGVz
Y3JpYmUoJzEuIEF1dGhlbnRpY2F0aW9uIEFQSScsICgpID0+IHtcbiAgICBpdCgnc2hvdWxkIGxvZ2luIGFz
IEFETUlOIGFuZCByZXR1cm4gYSB0b2tlbicsIGFzeW5jICgpID0+IHtcbiAgICAgIGNvbnN0IHJlcyA9IGF3
YWl0IHJlcXVlc3QoYXBwKVxuICAgICAgICAucG9zdCgnL2FwaS9hdXRoL2xvZ2luJylcbiAgICAgICAgLnNl
bmQoeyBlbWFpbDogJ2FkbWluQGZpbmFuY2UuY29tJywgcGFzc3dvcmQ6ICdwYXNzd29yZDEyMycgfSk7XG4g
ICAgICBcbiAgICAgIGV4cGVjdChyZXMuc3RhdHVzKS50b0JlKDIwMCk7XG4gICAgICBleHBlY3QocmVzLmJv
ZHkuc3VjY2VzcykudG9CZSh0cnVlKTtcbiAgICAgIGV4cGVjdChyZXMuYm9keS5kYXRhLnRva2VuKS50b0Jl
RGVmaW5lZCgpO1xuICAgICAgYWRtaW5Ub2tlbiA9IHJlcy5ib2R5LmRhdGEudG9rZW47XG4gICAgfSk7XG5c
biAgICBpdCgnc2hvdWxkIGxvZ2luIGFzIFZJRVdFUiBhbmQgcmV0dXJuIGEgdG9rZW4nLCBhc3luYyAoKSA9
PiB7XG4gICAgICBjb25zdCByZXMgPSBhd2FpdCByZXF1ZXN0KGFwcClcbiAgICAgICAgLnBvc3QoJy9hcGkv
YXV0aC9sb2dpbicpXG4gICAgICAgIC5zZW5kKHsgZW1haWw6ICd2aWV3ZXJAZmluYW5jZS5jb20nLCBwYXNz
d29yZDogJ3Bhc3N3b3JkMTIzJyB9KTtcbiAgICAgIFxuICAgICAgZXhwZWN0KHJlcy5zdGF0dXMpLnRvQmUo
MjAwKTtcbiAgICAgIGV4cGVjdChyZXMuYm9keS5kYXRhLnRva2VuKS50b0JlRGVmaW5lZCgpO1xuICAgICAg
dmlld2VyVG9rZW4gPSByZXMuYm9keS5kYXRhLnRva2VuO1xuICAgIH0pO1xuXG4gICAgaXQoJ3Nob3VsZCBy
ZWplY3QgYmFkIGNyZWRlbnRpYWxzJywgYXN5bmMgKCkgPT4ge1xuICAgICAgY29uc3QgcmVzID0gYXdhaXQg
cmVxdWVzdChhcHApXG4gICAgICAgIC5wb3N0KCcvYXBpL2F1dGgvbG9naW4nKVxuICAgICAgICAuc2VuZCh7
IGVtYWlsOiAnYWRtaW5AZmluYW5jZS5jb20nLCBwYXNzd29yZDogJ3dyb25ncGFzc3dvcmQnIH0pO1xuICAg
ICAgXG4gICAgICBleHBlY3QocmVzLnN0YXR1cykudG9CZSg0MDEpO1xuICAgIH0pO1xuICB9KTtcblxuICBk
ZXNjcmliZSgnMi4gRGFzaGJvYXJkIEFuYWx5dGljcyBBUEknLCAoKSA9PiB7XG4gICAgaXQoJ3Nob3VsZCBm
ZXRjaCB0aGUgZmluYW5jaWFsIHN1bW1hcnkgY29ycmVjdGx5JywgYXN5bmMgKCkgPT4ge1xuICAgICAgY29u
c3QgcmVzID0gYXdhaXQgcmVxdWVzdChhcHApXG4gICAgICAgIC5nZXQoJy9hcGkvZGFzaGJvYXJkL3N1bW1h
cnknKVxuICAgICAgICAuc2V0KCdBdXRob3JpemF0aW9uJywgXFxgQmVhcmVyIFxcJHthZG1pblRva2VufVxc
YCk7XG5cbiAgICAgIGV4cGVjdChyZXMuc3RhdHVzKS50b0JlKDIwMCk7XG4gICAgICBleHBlY3QocmVzLmJv
ZHkuZGF0YS50b3RhbEluY29tZSkudG9CZURlZmluZWQoKTtcbiAgICAgIGV4cGVjdChyZXMuYm9keS5kYXRh
LnRvdGFsRXhwZW5zZSkudG9CZURlZmluZWQoKTtcbiAgICB9KTtcblxuICAgIGl0KCdzaG91bGQgZmV0Y2gg
dGhlIGhlYWx0aCBzY29yZSBjb3JyZWN0bHknLCBhc3luYyAoKSA9PiB7XG4gICAgICBjb25zdCByZXMgPSBh
d2FpdCByZXF1ZXN0KGFwcClcbiAgICAgICAgLmdldCgnL2FwaS9kYXNoYm9hcmQvaGVhbHRoLXNjb3JlJylc
biAgICAgICAgLnNldCgnQXV0aG9yaXphdGlvbicsIFxcYEJlYXJlciBcXCR7YWRtaW5Ub2tlbn1cXGApO1xu
XG4gICAgICBleHBlY3QocmVzLnN0YXR1cykudG9CZSgyMDApO1xuICAgICAgZXhwZWN0KHJlcy5ib2R5LmRh
dGEuc2NvcmUpLnRvQmVEZWZpbmVkKCk7XG4gICAgfSk7XG4gIH0pO1xuXG4gIGRlc2NyaWJlKCczLiBGaW5h
bmNpYWwgUmVjb3JkcyBBUEkgKENSVUQpJywgKCkgPT4ge1xuICAgIGl0KCdzaG91bGQgbGlzdCBhbGwgcmVj
b3JkcycsIGFzeW5jICgpID0+IHtcbiAgICAgIGNvbnN0IHJlcyA9IGF3YWl0IHJlcXVlc3QoYXBwKVxuICAg
ICAgICAuZ2V0KCcvYXBpL3JlY29yZHM/dHlwZT1FWFBFTlNFJmxpbWl0PTUnKVxuICAgICAgICAuc2V0KCdB
dXRob3JpemF0aW9uJywgXFxgQmVhcmVyIFxcJHthZG1pblRva2VufVxcYCk7XG4gICAgICBcbiAgICAgIGV4
cGVjdChyZXMuc3RhdHVzKS50b0JlKDIwMCk7XG4gICAgICBleHBlY3QocmVzLmJvZHkuZGF0YS5tZXRhKS50
b0JlRGVmaW5lZCgpO1xuICAgICAgZXhwZWN0KEFycmF5LmlzQXJyYXkocmVzLmJvZHkuZGF0YS5yZWNvcmRz
KSkudG9CZSh0cnVlKTtcbiAgICB9KTtcblxuICAgIGl0KCdzaG91bGQgY3JlYXRlIGEgbmV3IHJlY29yZCAo
QWRtaW4pJywgYXN5bmMgKCkgPT4ge1xuICAgICAgY29uc3QgcGF5bG9hZCA9IHtcbiAgICAgICAgYW1vdW50
OiA5OTkuNTAsXG4gICAgICAgIHR5cGU6ICdJTkNPTUUnLFxuICAgICAgICBjYXRlZ29yeTogJ1Rlc3QgSW52
ZXN0bWVudCcsXG4gICAgICAgIGRhdGU6IG5ldyBEYXRlKCkudG9JU09TdHJpbmcoKSxcbiAgICAgIH07XG5c
biAgICAgIGNvbnN0IHJlcyA9IGF3YWl0IHJlcXVlc3QoYXBwKVxuICAgICAgICAucG9zdCgnL2FwaS9yZWNv
cmRzJylcbiAgICAgICAgLnNldCgnQXV0aG9yaXphdGlvbicsIFxcYEJlYXJlciBcXCR7YWRtaW5Ub2tlbn1c
XGApXG4gICAgICAgIC5zZW5kKHBheWxvYWQpO1xuXG4gICAgICBleHBlY3QocmVzLnN0YXR1cykudG9CZSgy
MDEpO1xuICAgICAgZXhwZWN0KHJlcy5ib2R5LmRhdGEuYW1vdW50KS50b0JlKCc5OTkuNScpO1xuICAgICAg
dGVzdFJlY29yZElkID0gcmVzLmJvZHkuZGF0YS5pZDtcbiAgICB9KTtcblxuICAgIGl0KCdzaG91bGQgcmVq
ZWN0IGNyZWF0aW5nIGEgcmVjb3JkIGZvciBhIFZpZXdlciAoUkJBQyBjaGVjayknLCBhc3luYyAoKSA9PiB7
XG4gICAgICBjb25zdCByZXMgPSBhd2FpdCByZXF1ZXN0KGFwcClcbiAgICAgICAgLnBvc3QoJy9hcGkvcmVj
b3JkcycpXG4gICAgICAgIC5zZXQoJ0F1dGhvcml6YXRpb24nLCBcXGBCZWFyZXIgXFwke3ZpZXdlclRva2Vu
fVxcYClcbiAgICAgICAgLnNlbmQoeyBhbW91bnQ6IDEwMCwgdHlwZTogJ0VYUEVOU0UnLCBjYXRlZ29yeTog
J0Zvb2QnLCBkYXRlOiBuZXcgRGF0ZSgpLnRvSVNPU3RyaW5nKCkgfSk7XG4gICAgICBcbiAgICAgIC8vIFZp
ZXdlciBkb2VzIG5vdCBoYXZlIHJpZ2h0c1xuICAgICAgZXhwZWN0KHJlcy5zdGF0dXMpLnRvQmUoNDAzKTtc
biAgICB9KTtcblxuICAgIGl0KCdzaG91bGQgdXBkYXRlIGEgcmVjb3JkJywgYXN5bmMgKCkgPT4ge1xuICAg
ICAgY29uc3QgcmVzID0gYXdhaXQgcmVxdWVzdChhcHApXG4gICAgICAgIC5wYXRjaChcXGAvYXBpL3JlY29y
ZHMvXFwke3Rlc3RSZWNvcmRJZH1cXGApXG4gICAgICAgIC5zZXQoJ0F1dGhvcml6YXRpb24nLCBcXGBCZWFy
ZXIgXFwke2FkbWluVG9rZW59XFxgKVxuICAgICAgICAuc2VuZCh7IGFtb3VudDogMTAwMC4wMCB9KTtcblxu
ICAgICAgZXhwZWN0KHJlcy5zdGF0dXMpLnRvQmUoMjAwKTtcbiAgICAgIGV4cGVjdChyZXMuYm9keS5kYXRh
LmFtb3VudCkudG9CZSgnMTAwMCcpO1xuICAgIH0pO1xuXG4gICAgaXQoJ3Nob3VsZCBzb2Z0LWRlbGV0ZSBh
IHJlY29yZCcsIGFzeW5jICgpID0+IHtcbiAgICAgIGNvbnN0IHJlcyA9IGF3YWl0IHJlcXVlc3QoYXBwKVxu
ICAgICAgICAuZGVsZXRlKFxcYC9hcGkvcmVjb3Jkcy9cXCR7dGVzdFJlY29yZElkfVxcYClcbiAgICAgICAg
LnNldCgnQXV0aG9yaXphdGlvbicsIFxcYEJlYXJlciBcXCR7YWRtaW5Ub2tlbn1cXGApO1xuXG4gICAgICBl
eHBlY3QocmVzLnN0YXR1cykudG9CZSgyMDApO1xuICAgIH0pO1xuXG4gICAgaXQoJ3Nob3VsZCBubyBsb25n
ZXIgc2VlIHRoZSBzb2Z0LWRlbGV0ZWQgcmVjb3JkIGluIHN0YW5kYXJkIHF1ZXJpZXMnLCBhc3luYyAoKSA9
PiB7XG4gICAgICBjb25zdCByZXMgPSBhd2FpdCByZXF1ZXN0KGFwcClcbiAgICAgICAgLmdldChcXGAvYXBp
L3JlY29yZHMvXFwke3Rlc3RSZWNvcmRJZH1cXGApXG4gICAgICAgIC5zZXQoJ0F1dGhvcml6YXRpb24nLCBc
XGBCZWFyZXIgXFwke2FkbWluVG9rZW59XFxgKTtcblxuICAgICAgLy8gSXQgc2hvdWxkIGJlIDQwNCBzaW5j
ZSBpdCdzIHNvZnQgZGVsZXRlZFxuICAgICAgZXhwZWN0KHJlcy5zdGF0dXMpLnRvQmUoNDA0KTtcbiAgICB9
KTtcbiAgfSk7XG5cbiAgYWZ0ZXJBbGwoYXN5bmMgKCkgPT4ge1xuICAgIC8vIFRlcm1pbmF0ZSBQcmlzbWEg
Y29ubmVjdGlvbiBzbW9vdGhseSBhZnRlciB0ZXN0c1xuICAgIGF3YWl0IHByaXNtYS4kZGlzY29ubmVjdCgp
O1xuICB9KTtcbn0pO1xuIl0sInZlcnNpb24iOjN9
                                                                                    
                                                                                    
                                                                                    
                                                                                    
                                                                                    
                                                                                    
                                                                                    
                                                                                    
                                                                                    
                                                                                    
                                                                                    
                                                                                    
                

    SyntaxError: Unexpected end of input

      at Runtime.createScriptFromCode 
(node_modules/jest-runtime/build/index.js:1314:40)

Test Suites: 1 failed, 1 total
Tests:       0 total
Snapshots:   0 total
Time:        0.594 s
Ran all test suites.
